0 verbose cli /usr/local/bin/node /usr/local/lib/node_modules/npm/bin/npm-cli.js
1 info using npm@10.9.2
2 info using node@v22.14.0
3 silly config load:file:/usr/local/lib/node_modules/npm/npmrc
4 silly config load:file:/Users/ilarybakov/Local Sites/sputnik/app/public/wp-content/themes/sputnik-new/.npmrc
5 silly config load:file:/Users/ilarybakov/.npmrc
6 silly config load:file:/usr/local/etc/npmrc
7 verbose title npm exec ccstatusline@latest
8 verbose argv "exec" "--yes" "--" "ccstatusline@latest"
9 verbose logfile logs-max:10 dir:/Users/ilarybakov/Local Sites/sputnik/app/public/wp-content/themes/sputnik-new/src/blocks/.npm-cache/_logs/2026-05-23T00_35_36_124Z-
10 verbose logfile /Users/ilarybakov/Local Sites/sputnik/app/public/wp-content/themes/sputnik-new/src/blocks/.npm-cache/_logs/2026-05-23T00_35_36_124Z-debug-0.log
11 silly logfile start cleaning logs, removing 1 files
12 silly logfile done cleaning log files
13 silly packumentCache heap:4345298944 maxSize:1086324736 maxEntrySize:543162368
14 verbose shrinkwrap failed to load node_modules/.package-lock.json out of date, updated: node_modules
15 http fetch GET 200 https://registry.npmjs.org/ccstatusline 213ms (cache revalidated)
16 silly packumentCache heap:4345298944 maxSize:1086324736 maxEntrySize:543162368
17 silly packumentCache heap:4345298944 maxSize:1086324736 maxEntrySize:543162368
18 verbose cwd /Users/ilarybakov/Local Sites/sputnik/app/public/wp-content/themes/sputnik-new/src/blocks
19 verbose os Darwin 25.2.0
20 verbose node v22.14.0
21 verbose npm  v10.9.2
22 verbose exit 0
23 info ok
